\BOOKMARK [1][-]{section.1}{\376\377\123\321\146\016\124\015\171\360}{}% 1
\BOOKMARK [1][-]{section.2}{\376\377\142\200\147\057\230\206\127\337}{}% 2
\BOOKMARK [1][-]{section.3}{\376\377\163\260\147\011\142\200\147\057\166\204\142\200\147\057\145\271\150\110}{}% 3
\BOOKMARK [2][-]{subsection.3.1}{\376\377\163\260\147\011\142\200\147\057\166\204\116\023\122\051\150\300\175\042\116\016\122\006\147\220}{section.3}% 4
\BOOKMARK [1][-]{section.4}{\376\377\163\260\147\011\142\200\147\057\166\204\177\072\160\271\123\312\147\054\165\063\213\367\143\320\150\110\211\201\211\343\121\263\166\204\142\200\147\057\225\356\230\230}{}% 5
\BOOKMARK [1][-]{section.5}{\376\377\147\054\165\063\213\367\143\320\150\110\166\204\142\200\147\057\145\271\150\110\166\204\213\346\176\306\226\020\217\360}{}% 6
\BOOKMARK [2][-]{subsection.5.1}{\376\377\136\224\165\050\220\350\177\162\133\371\214\141\116\016\117\335\142\244\217\271\165\114}{section.5}% 7
\BOOKMARK [2][-]{subsection.5.2}{\376\377\174\373\176\337\140\073\117\123\147\266\147\204}{section.5}% 8
\BOOKMARK [2][-]{subsection.5.3}{\376\377\121\163\225\056\142\200\147\057\155\101\172\013}{section.5}% 9
\BOOKMARK [3][-]{subsubsection.5.3.1}{\376\377\142\200\147\057\155\101\172\013\116\000\377\032\117\032\213\335\136\372\172\313\116\016\215\363\230\221\171\315\133\120\123\117\125\106}{subsection.5.3}% 10
\BOOKMARK [3][-]{subsubsection.5.3.2}{\376\377\142\200\147\057\155\101\172\013\116\214\377\032\145\340\162\266\140\001\155\076\165\037\116\016\116\161\136\217\133\271\137\315}{subsection.5.3}% 11
\BOOKMARK [3][-]{subsubsection.5.3.3}{\376\377\142\200\147\057\155\101\172\013\116\011\377\032\123\327\117\335\142\244\123\125\121\103\166\204\134\001\210\305\150\074\137\017\116\016\000A\000A\000D\176\321\133\232}{subsection.5.3}% 12
\BOOKMARK [3][-]{subsubsection.5.3.4}{\376\377\142\200\147\057\155\101\172\013\126\333\377\032\153\143\116\244\133\211\121\150\176\246\147\137\116\016\174\173\122\053\215\335\171\273\136\246\221\317}{subsection.5.3}% 13
\BOOKMARK [3][-]{subsubsection.5.3.5}{\376\377\142\200\147\057\155\101\172\013\116\224\377\032\217\307\156\041\221\315\123\340\172\227\123\343\116\016\123\314\211\343\170\001\173\126\165\145}{subsection.5.3}% 14
\BOOKMARK [3][-]{subsubsection.5.3.6}{\376\377\142\200\147\057\155\101\172\013\121\155\377\032\121\150\140\157\161\265\122\006\145\143\377\010\000H\000E\000D\377\011}{subsection.5.3}% 15
\BOOKMARK [3][-]{subsubsection.5.3.7}{\376\377\142\200\147\057\155\101\172\013\116\003\377\032\131\032\215\357\137\204\117\040\217\223\122\006\145\143\377\010\000M\000P\000T\000D\377\011}{subsection.5.3}% 16
\BOOKMARK [3][-]{subsubsection.5.3.8}{\376\377\142\200\147\057\155\101\172\013\116\003\000a\377\032\123\357\220\011\122\115\124\021\133\211\121\150\130\236\137\072\377\010\150\330\217\156\146\364\145\260\377\011}{subsection.5.3}% 17
\BOOKMARK [3][-]{subsubsection.5.3.9}{\376\377\142\200\147\057\155\101\172\013\121\153\377\032\132\001\200\301\141\037\167\345\116\016\201\352\220\002\136\224\215\363\230\221}{subsection.5.3}% 18
\BOOKMARK [2][-]{subsection.5.4}{\376\377\150\070\137\303\173\227\154\325\117\052\116\343\170\001}{section.5}% 19
\BOOKMARK [1][-]{section.6}{\376\377\147\054\165\063\213\367\143\320\150\110\166\204\121\163\225\056\160\271\124\214\153\062\117\335\142\244\160\271}{}% 20
\BOOKMARK [1][-]{section.7}{\376\377\116\016\173\054\116\011\147\141\116\055\147\000\143\245\217\321\166\204\163\260\147\011\142\200\147\057\166\370\153\324\377\014\147\054\165\063\213\367\143\320\150\110\147\011\117\125\142\200\147\057\117\030\160\271}{}% 21
\BOOKMARK [1][-]{section.8}{\376\377\121\166\116\326\147\011\122\251\116\216\164\006\211\343\147\054\165\063\213\367\143\320\150\110\166\204\142\200\147\057\215\104\145\231}{}% 22
\BOOKMARK [2][-]{subsection.8.1}{\376\377\147\057\213\355\116\016\177\051\121\231}{section.8}% 23
\BOOKMARK [2][-]{subsection.8.2}{\376\377\226\104\126\376\213\364\146\016}{section.8}% 24
\BOOKMARK [2][-]{subsection.8.3}{\376\377\121\167\117\123\133\236\145\275\145\271\137\017}{section.8}% 25
\BOOKMARK [2][-]{subsection.8.4}{\376\377\133\236\145\275\117\213\0001\377\032\127\372\116\216\136\217\123\367\166\204\122\250\140\001\215\363\230\221\220\032\117\341\377\010\0005\000G\150\070\137\303\177\121\000S\000E\000P\000P\143\245\123\343\377\011}{section.8}% 26
\BOOKMARK [2][-]{subsection.8.5}{\376\377\133\236\145\275\117\213\0001\000a\377\032\117\134\116\072\163\260\147\011\123\117\213\256\150\010\213\260\137\125\134\102\000/\226\247\220\123\134\102\166\204\204\075\127\060\145\271\137\017}{section.8}% 27
\BOOKMARK [2][-]{subsection.8.6}{\376\377\133\236\145\275\117\213\0002\377\032\176\323\124\010\000H\000E\000D\166\204\226\010\120\074\122\006\162\107\377\010\221\321\207\215\127\072\146\157\377\011}{section.8}% 28
\BOOKMARK [2][-]{subsection.8.7}{\376\377\133\236\145\275\117\213\0003\377\032\132\001\200\301\201\352\220\002\136\224\214\003\145\164\377\010\162\151\200\124\177\121\127\072\146\157\377\011}{section.8}% 29
\BOOKMARK [2][-]{subsection.8.8}{\376\377\133\236\145\275\117\213\0004\377\032\000P\000Q\000S\000G\116\247\124\301\220\350\177\162\127\072\146\157}{section.8}% 30
\BOOKMARK [2][-]{subsection.8.9}{\376\377\133\236\145\275\117\213\0005\377\032\173\227\154\325\136\223\116\015\215\263\145\366\166\204\133\211\121\150\226\115\176\247\127\072\146\157\377\010\137\002\136\070\131\004\164\006\377\011}{section.8}% 31
\BOOKMARK [2][-]{subsection.8.10}{\376\377\210\145\121\105\213\364\146\016}{section.8}% 32
\BOOKMARK [1][-]{section.9}{\376\377\147\054\165\063\213\367\143\320\150\110\166\204\117\265\147\103\213\301\143\156\123\357\203\267\137\227\140\047}{}% 33
