\BOOKMARK [1][-]{section.1}{\376\377\123\321\146\016\124\015\171\360}{}% 1
\BOOKMARK [1][-]{section.2}{\376\377\142\200\147\057\230\206\127\337}{}% 2
\BOOKMARK [1][-]{section.3}{\376\377\163\260\147\011\142\200\147\057\166\204\142\200\147\057\145\271\150\110}{}% 3
\BOOKMARK [2][-]{subsection.3.1}{\376\377\221\317\133\120\126\152\130\360\210\150\137\201\116\016\150\041\121\306\142\200\147\057}{section.3}% 4
\BOOKMARK [2][-]{subsection.3.2}{\376\377\176\317\121\170\000\040\000P\000U\000F\000\040\116\016\213\276\131\007\213\244\213\301\142\200\147\057}{section.3}% 5
\BOOKMARK [2][-]{subsection.3.3}{\376\377\221\317\133\120\226\217\147\072\140\047\116\016\221\317\133\120\000\040\000P\000U\000F\000\040\145\271\124\021}{section.3}% 6
\BOOKMARK [1][-]{section.4}{\376\377\163\260\147\011\142\200\147\057\166\204\177\072\160\271\123\312\147\054\165\063\213\367\143\320\150\110\211\201\211\343\121\263\166\204\142\200\147\057\225\356\230\230}{}% 7
\BOOKMARK [1][-]{section.5}{\376\377\147\054\165\063\213\367\143\320\150\110\166\204\142\200\147\057\145\271\150\110\166\204\213\346\176\306\226\020\217\360}{}% 8
\BOOKMARK [2][-]{subsection.5.1}{\376\377\174\373\176\337\147\266\147\204}{section.5}% 9
\BOOKMARK [2][-]{subsection.5.2}{\376\377\150\070\137\303\145\271\154\325\153\145\232\244}{section.5}% 10
\BOOKMARK [3][-]{subsubsection.5.2.1}{\376\377\0001\000.\000\040\126\152\130\360\162\171\137\201\221\307\226\306\116\016\145\160\133\146\210\150\137\201}{subsection.5.2}% 11
\BOOKMARK [3][-]{subsubsection.5.2.2}{\376\377\0002\000.\000\040\170\154\116\366\143\007\176\271\147\204\220\040}{subsection.5.2}% 12
\BOOKMARK [3][-]{subsubsection.5.2.3}{\376\377\0003\000.\000\040\143\007\176\271\122\060\133\306\224\245\166\204\146\040\134\004}{subsection.5.2}% 13
\BOOKMARK [3][-]{subsubsection.5.2.4}{\376\377\0004\000.\000\040\173\341\145\071\150\300\155\113\147\072\122\066}{subsection.5.2}% 14
\BOOKMARK [3][-]{subsubsection.5.2.5}{\376\377\0005\000.\000\040\135\345\172\013\123\026\220\350\177\162\176\323\147\204}{subsection.5.2}% 15
\BOOKMARK [2][-]{subsection.5.3}{\376\377\133\236\145\275\145\271\137\017\116\016\133\236\232\214\171\072\117\213}{section.5}% 16
\BOOKMARK [1][-]{section.6}{\376\377\147\054\165\063\213\367\143\320\150\110\166\204\121\163\225\056\160\271\124\214\153\062\117\335\142\244\160\271}{}% 17
\BOOKMARK [1][-]{section.7}{\376\377\116\016\173\054\116\011\147\141\116\055\147\000\143\245\217\321\166\204\163\260\147\011\142\200\147\057\166\370\153\324\377\014\147\054\165\063\213\367\143\320\150\110\147\011\117\125\142\200\147\057\117\030\160\271}{}% 18
\BOOKMARK [1][-]{section.8}{\376\377\121\166\116\326\147\011\122\251\116\216\164\006\211\343\147\054\165\063\213\367\143\320\150\110\166\204\142\200\147\057\215\104\145\231}{}% 19
\BOOKMARK [1][-]{section.9}{\376\377\147\054\165\063\213\367\143\320\150\110\166\204\117\265\147\103\213\301\143\156\123\357\203\267\137\227\140\047}{}% 20
