\BOOKMARK [1][-]{section.1}{\376\377\123\321\146\016\124\015\171\360}{}% 1
\BOOKMARK [1][-]{section.2}{\376\377\142\200\147\057\230\206\127\337}{}% 2
\BOOKMARK [1][-]{section.3}{\376\377\163\260\147\011\142\200\147\057\166\204\142\200\147\057\145\271\150\110}{}% 3
\BOOKMARK [2][-]{subsection.3.1}{\376\377\163\260\147\011\124\016\221\317\133\120\173\176\124\015\142\200\147\057\215\357\176\277}{section.3}% 4
\BOOKMARK [2][-]{subsection.3.2}{\376\377\163\260\147\011\213\306\122\053\122\060\173\176\124\015\166\204\147\204\220\040\145\271\137\017}{section.3}% 5
\BOOKMARK [2][-]{subsection.3.3}{\376\377\163\260\147\011\142\200\147\057\127\050\135\345\172\013\133\236\163\260\116\012\166\204\121\161\124\014\162\171\160\271}{section.3}% 6
\BOOKMARK [1][-]{section.4}{\376\377\163\260\147\011\142\200\147\057\166\204\177\072\160\271\123\312\147\054\165\063\213\367\143\320\150\110\211\201\211\343\121\263\166\204\142\200\147\057\225\356\230\230}{}% 7
\BOOKMARK [1][-]{section.5}{\376\377\147\054\165\063\213\367\143\320\150\110\166\204\142\200\147\057\145\271\150\110\166\204\213\346\176\306\226\020\217\360}{}% 8
\BOOKMARK [2][-]{subsection.5.1}{\376\377\127\372\147\054\145\160\133\146\133\371\214\141}{section.5}% 9
\BOOKMARK [2][-]{subsection.5.2}{\376\377\174\373\176\337\176\304\142\020}{section.5}% 10
\BOOKMARK [2][-]{subsection.5.3}{\376\377\220\350\177\162\137\142\140\001\213\364\146\016}{section.5}% 11
\BOOKMARK [2][-]{subsection.5.4}{\376\377\133\306\224\245\165\037\142\020\145\271\154\325}{section.5}% 12
\BOOKMARK [3][-]{subsubsection.5.4.1}{\376\377\0001\000.\000\040\121\154\137\000\123\302\145\160\122\035\131\313\123\026}{subsection.5.4}% 13
\BOOKMARK [3][-]{subsubsection.5.4.2}{\376\377\0002\000.\000\040\171\301\224\245\165\037\142\020}{subsection.5.4}% 14
\BOOKMARK [3][-]{subsubsection.5.4.3}{\376\377\0003\000.\000\040\121\154\224\245\165\037\142\020}{subsection.5.4}% 15
\BOOKMARK [2][-]{subsection.5.5}{\376\377\173\176\124\015\165\037\142\020\145\271\154\325}{section.5}% 16
\BOOKMARK [3][-]{subsubsection.5.5.1}{\376\377\0001\000.\000\040\142\177\213\372\226\066\153\265}{subsection.5.5}% 17
\BOOKMARK [3][-]{subsubsection.5.5.2}{\376\377\0002\000.\000\040\143\021\142\030\226\066\153\265}{subsection.5.5}% 18
\BOOKMARK [3][-]{subsubsection.5.5.3}{\376\377\0003\000.\000\040\124\315\136\224\226\066\153\265}{subsection.5.5}% 19
\BOOKMARK [2][-]{subsection.5.6}{\376\377\173\176\124\015\232\214\213\301\145\271\154\325}{section.5}% 20
\BOOKMARK [3][-]{subsubsection.5.6.1}{\376\377\0001\000.\000\040\211\343\147\220\143\021\142\030}{subsection.5.6}% 21
\BOOKMARK [3][-]{subsubsection.5.6.2}{\376\377\0002\000.\000\040\221\315\147\204\142\177\213\372}{subsection.5.6}% 22
\BOOKMARK [3][-]{subsubsection.5.6.3}{\376\377\0003\000.\000\040\116\000\201\364\140\047\150\041\232\214}{subsection.5.6}% 23
\BOOKMARK [2][-]{subsection.5.7}{\376\377\167\037\133\236\145\160\120\074\213\325\232\214\116\016\133\232\221\317\176\323\147\234}{section.5}% 24
\BOOKMARK [2][-]{subsection.5.8}{\376\377\142\151\134\125\133\236\145\275\145\271\137\017}{section.5}% 25
\BOOKMARK [2][-]{subsection.5.9}{\376\377\116\011\131\047\221\315\160\271\136\224\165\050\127\072\146\157\213\364\146\016}{section.5}% 26
\BOOKMARK [1][-]{section.6}{\376\377\147\054\165\063\213\367\143\320\150\110\166\204\121\163\225\056\160\271\124\214\153\062\117\335\142\244\160\271}{}% 27
\BOOKMARK [1][-]{section.7}{\376\377\116\016\173\054\116\011\147\141\116\055\147\000\143\245\217\321\166\204\163\260\147\011\142\200\147\057\166\370\153\324\377\014\147\054\165\063\213\367\143\320\150\110\147\011\117\125\142\200\147\057\117\030\160\271}{}% 28
\BOOKMARK [1][-]{section.8}{\376\377\121\166\116\326\147\011\122\251\116\216\164\006\211\343\147\054\165\063\213\367\143\320\150\110\166\204\142\200\147\057\215\104\145\231}{}% 29
\BOOKMARK [1][-]{section.9}{\376\377\147\054\165\063\213\367\143\320\150\110\166\204\117\265\147\103\213\301\143\156\123\357\203\267\137\227\140\047}{}% 30
