\BOOKMARK [1][-]{section.1}{\376\377\123\321\146\016\124\015\171\360}{}% 1
\BOOKMARK [1][-]{section.2}{\376\377\142\200\147\057\230\206\127\337}{}% 2
\BOOKMARK [1][-]{section.3}{\376\377\163\260\147\011\142\200\147\057\166\204\142\200\147\057\145\271\150\110}{}% 3
\BOOKMARK [2][-]{subsection.3.1}{\376\377\163\260\147\011\142\200\147\057\151\202\121\265}{section.3}% 4
\BOOKMARK [2][-]{subsection.3.2}{\376\377\163\260\147\011\142\200\147\057\136\070\211\301\133\236\163\260\145\271\137\017}{section.3}% 5
\BOOKMARK [1][-]{section.4}{\376\377\163\260\147\011\142\200\147\057\166\204\177\072\160\271\123\312\147\054\165\063\213\367\143\320\150\110\211\201\211\343\121\263\166\204\142\200\147\057\225\356\230\230}{}% 6
\BOOKMARK [1][-]{section.5}{\376\377\147\054\165\063\213\367\143\320\150\110\166\204\142\200\147\057\145\271\150\110\166\204\213\346\176\306\226\020\217\360}{}% 7
\BOOKMARK [2][-]{subsection.5.1}{\376\377\140\073\117\123\145\271\150\110}{section.5}% 8
\BOOKMARK [2][-]{subsection.5.2}{\376\377\135\356\122\006\123\302\200\003\154\342\133\374\176\323\147\204}{section.5}% 9
\BOOKMARK [2][-]{subsection.5.3}{\376\377\156\051\136\246\000-\136\224\122\233\211\343\200\046\152\041\127\213}{section.5}% 10
\BOOKMARK [2][-]{subsection.5.4}{\376\377\162\107\116\012\117\040\141\037\116\016\123\315\231\210\225\355\163\257\133\236\163\260}{section.5}% 11
\BOOKMARK [2][-]{subsection.5.5}{\376\377\227\131\236\330\145\366\226\231\150\041\121\306\147\072\122\066}{section.5}% 12
\BOOKMARK [2][-]{subsection.5.6}{\376\377\134\001\210\305\123\117\124\014\213\276\213\241}{section.5}% 13
\BOOKMARK [2][-]{subsection.5.7}{\376\377\176\310\172\357\127\072\146\157\176\246\147\137\116\016\135\345\172\013\123\026\143\245\123\343}{section.5}% 14
\BOOKMARK [2][-]{subsection.5.8}{\376\377\220\002\165\050\123\117\213\256}{section.5}% 15
\BOOKMARK [2][-]{subsection.5.9}{\376\377\117\030\220\011\133\236\145\275\117\213}{section.5}% 16
\BOOKMARK [2][-]{subsection.5.10}{\376\377\147\054\123\321\146\016\166\204\147\011\166\312\145\110\147\234}{section.5}% 17
\BOOKMARK [1][-]{section.6}{\376\377\147\054\165\063\213\367\136\372\213\256\221\315\160\271\117\335\142\244\166\204\121\205\133\271}{}% 18
\BOOKMARK [2][-]{subsection.6.1}{\376\377\150\041\121\306\143\247\122\066\162\266\140\001\147\072\116\016\211\346\123\321\220\073\217\221}{section.6}% 19
\BOOKMARK [1][-]{section.7}{\376\377\226\104\126\376\136\372\213\256}{}% 20
\BOOKMARK [1][-]{section.8}{\376\377\123\357\146\377\116\343\133\236\145\275\145\271\137\017}{}% 21
\BOOKMARK [1][-]{section.9}{\376\377\176\323\213\272}{}% 22
