\BOOKMARK [1][-]{section.1}{\376\377\123\321\146\016\124\015\171\360}{}% 1
\BOOKMARK [1][-]{section.2}{\376\377\142\200\147\057\230\206\127\337}{}% 2
\BOOKMARK [1][-]{section.3}{\376\377\163\260\147\011\142\200\147\057\166\204\142\200\147\057\145\271\150\110}{}% 3
\BOOKMARK [2][-]{subsection.3.1}{\376\377\221\317\133\120\116\055\176\347\126\150\163\260\147\011\140\035\215\357\151\202\217\360}{section.3}% 4
\BOOKMARK [2][-]{subsection.3.2}{\376\377\163\260\147\011\142\200\147\057\136\070\211\301\133\236\163\260\215\357\137\204}{section.3}% 5
\BOOKMARK [1][-]{section.4}{\376\377\163\260\147\011\142\200\147\057\166\204\177\072\160\271\123\312\147\054\165\063\213\367\143\320\150\110\211\201\211\343\121\263\166\204\142\200\147\057\225\356\230\230}{}% 6
\BOOKMARK [1][-]{section.5}{\376\377\147\054\165\063\213\367\143\320\150\110\166\204\142\200\147\057\145\271\150\110\166\204\213\346\176\306\226\020\217\360}{}% 7
\BOOKMARK [2][-]{subsection.5.1}{\376\377\140\073\117\123\140\035\215\357}{section.5}% 8
\BOOKMARK [2][-]{subsection.5.2}{\376\377\202\202\160\271\215\104\156\220\176\304\176\307\145\271\137\017}{section.5}% 9
\BOOKMARK [2][-]{subsection.5.3}{\376\377\221\317\133\120\133\130\120\250\176\246\147\137\116\016\215\104\156\220\131\015\165\050\173\126\165\145}{section.5}% 10
\BOOKMARK [2][-]{subsection.5.4}{\376\377\122\006\136\003\137\017\213\304\122\006\116\016\121\263\173\126\147\072\122\066}{section.5}% 11
\BOOKMARK [2][-]{subsection.5.5}{\376\377\176\257\123\026\116\016\116\244\143\142\166\204\155\101\154\064\176\277\142\147\210\114}{section.5}% 12
\BOOKMARK [2][-]{subsection.5.6}{\376\377\123\213\177\051\176\374\124\010\137\201\116\016\122\006\136\003\137\017\123\117\214\003}{section.5}% 13
\BOOKMARK [2][-]{subsection.5.7}{\376\377\221\317\133\120\225\350\136\217\122\027\166\204\117\030\220\011\145\271\137\017}{section.5}% 14
\BOOKMARK [2][-]{subsection.5.8}{\376\377\117\030\220\011\133\236\145\275\117\213}{section.5}% 15
\BOOKMARK [2][-]{subsection.5.9}{\376\377\147\054\123\321\146\016\166\204\147\011\166\312\145\110\147\234}{section.5}% 16
\BOOKMARK [1][-]{section.6}{\376\377\147\054\165\063\213\367\136\372\213\256\221\315\160\271\117\335\142\244\166\204\121\205\133\271}{}% 17
\BOOKMARK [2][-]{subsection.6.1}{\376\377\202\202\160\271\162\266\140\001\147\072\116\016\211\346\123\321\220\073\217\221}{section.6}% 18
\BOOKMARK [1][-]{section.7}{\376\377\226\104\126\376\136\372\213\256}{}% 19
\BOOKMARK [1][-]{section.8}{\376\377\123\357\146\377\116\343\133\236\145\275\145\271\137\017}{}% 20
\BOOKMARK [1][-]{section.9}{\376\377\176\323\213\272}{}% 21
