2026-03-27 09:43:59,472+0800 INFO  miktex-fc-cache - this process (36600) started by miktex in directory C:\Users\Lenovo\patents\7_SASPH-6G_Slice-Adaptive_Split-PQC_Handshake with command line: miktex-fc-cache --miktex-disable-maintenance --miktex-disable-diagnose
2026-03-27 09:43:59,472+0800 INFO  miktex-fc-cache - running on Windows 10.0.26200
2026-03-27 09:43:59,480+0800 WARN  miktex-fc-cache - security risk: running with elevated privileges
2026-03-27 09:44:01,660+0800 INFO  miktex-fc-cache - this process (36600) finishes with exit code 0
2026-03-27 09:44:01,757+0800 INFO  miktex-fc-cache - this process (39304) started by miktex in directory C:\Users\Lenovo\patents\7_SASPH-6G_Slice-Adaptive_Split-PQC_Handshake with command line: miktex-fc-cache --miktex-disable-maintenance --miktex-disable-diagnose
2026-03-27 09:44:01,758+0800 INFO  miktex-fc-cache - running on Windows 10.0.26200
2026-03-27 09:44:01,766+0800 WARN  miktex-fc-cache - security risk: running with elevated privileges
2026-03-27 09:44:01,786+0800 INFO  miktex-fc-cache - this process (39304) finishes with exit code 0
2026-03-27 09:44:01,786+0800 INFO  miktex-fc-cache.packagemanager - going to download https://api2.miktex.org/repositories/634f96d0c059a51b3f3b4f3d7cbc5101
2026-03-27 09:44:01,786+0800 WARN  miktex-fc-cache.packagemanager - dependency problem: ms is required by _miktex-latex-packages
2026-03-27 09:44:01,786+0800 WARN  miktex-fc-cache.packagemanager - dependency problem: showframe is required by _miktex-latex-packages
2026-03-27 09:44:01,786+0800 WARN  miktex-fc-cache.packagemanager - dependency problem: thailatex is required by _miktex-latex-packages
2026-03-27 09:44:01,787+0800 WARN  miktex-fc-cache.packagemanager - dependency problem: luxi is required by _miktex-fonts-type1
2026-03-27 09:44:01,787+0800 INFO  miktex-fc-cache.packagemanager - installing package miktex-config-2.9
2026-03-27 09:44:01,787+0800 INFO  miktex-fc-cache.packagemanager - going to download https://mirror.truenetwork.ru/CTAN/systems/win32/miktex/tm/packages/miktex-config-2.9.tar.lzma
2026-03-27 09:44:01,787+0800 INFO  miktex-fc-cache.core - start process: miktex fontmaps configure
2026-03-27 09:44:07,557+0800 INFO  miktex-fc-cache - this process (18852) started by miktex in directory C:\Users\Lenovo\patents\7_SASPH-6G_Slice-Adaptive_Split-PQC_Handshake with command line: miktex-fc-cache --miktex-disable-maintenance --miktex-disable-diagnose
2026-03-27 09:44:07,558+0800 INFO  miktex-fc-cache - running on Windows 10.0.26200
2026-03-27 09:44:07,566+0800 WARN  miktex-fc-cache - security risk: running with elevated privileges
2026-03-27 09:44:07,581+0800 INFO  miktex-fc-cache - this process (18852) finishes with exit code 0
2026-03-27 09:44:14,156+0800 INFO  miktex-fc-cache - this process (39236) started by miktex in directory C:\Users\Lenovo\patents\7_SASPH-6G_Slice-Adaptive_Split-PQC_Handshake\.miktex-local\temp\mik81599 with command line: miktex-fc-cache --miktex-disable-maintenance --miktex-disable-diagnose
2026-03-27 09:44:14,156+0800 INFO  miktex-fc-cache - running on Windows 10.0.26200
2026-03-27 09:44:14,164+0800 WARN  miktex-fc-cache - security risk: running with elevated privileges
2026-03-27 09:44:14,178+0800 INFO  miktex-fc-cache - this process (39236) finishes with exit code 0
2026-03-27 09:44:17,395+0800 INFO  miktex-fc-cache - this process (21780) started by miktex in directory C:\Users\Lenovo\patents\7_SASPH-6G_Slice-Adaptive_Split-PQC_Handshake\.miktex-local\temp\mik81599 with command line: miktex-fc-cache --miktex-disable-maintenance --miktex-disable-diagnose
2026-03-27 09:44:17,395+0800 INFO  miktex-fc-cache - running on Windows 10.0.26200
2026-03-27 09:44:17,401+0800 WARN  miktex-fc-cache - security risk: running with elevated privileges
2026-03-27 09:44:17,412+0800 INFO  miktex-fc-cache - this process (21780) finishes with exit code 0
2026-03-27 09:44:20,747+0800 INFO  miktex-fc-cache - this process (19680) started by miktex in directory C:\Users\Lenovo\patents\7_SASPH-6G_Slice-Adaptive_Split-PQC_Handshake\.miktex-local\temp\mik81599 with command line: miktex-fc-cache --miktex-disable-maintenance --miktex-disable-diagnose
2026-03-27 09:44:20,747+0800 INFO  miktex-fc-cache - running on Windows 10.0.26200
2026-03-27 09:44:20,755+0800 WARN  miktex-fc-cache - security risk: running with elevated privileges
2026-03-27 09:44:20,767+0800 INFO  miktex-fc-cache - this process (19680) finishes with exit code 0
2026-03-27 09:44:24,874+0800 INFO  miktex-fc-cache - this process (39956) started by miktex in directory C:\Users\Lenovo\patents\7_SASPH-6G_Slice-Adaptive_Split-PQC_Handshake\.miktex-local\temp\mik81599 with command line: miktex-fc-cache --miktex-disable-maintenance --miktex-disable-diagnose
2026-03-27 09:44:24,874+0800 INFO  miktex-fc-cache - running on Windows 10.0.26200
2026-03-27 09:44:24,882+0800 WARN  miktex-fc-cache - security risk: running with elevated privileges
2026-03-27 09:44:24,899+0800 INFO  miktex-fc-cache - this process (39956) finishes with exit code 0
2026-03-27 09:44:39,256+0800 INFO  miktex-fc-cache - this process (37988) started by miktex in directory C:\Users\Lenovo\patents\7_SASPH-6G_Slice-Adaptive_Split-PQC_Handshake\.miktex-local\temp\mik81599 with command line: miktex-fc-cache --miktex-disable-maintenance --miktex-disable-diagnose
2026-03-27 09:44:39,257+0800 INFO  miktex-fc-cache - running on Windows 10.0.26200
2026-03-27 09:44:39,265+0800 WARN  miktex-fc-cache - security risk: running with elevated privileges
2026-03-27 09:44:39,409+0800 INFO  miktex-fc-cache - this process (37988) finishes with exit code 0
2026-03-27 09:44:42,550+0800 INFO  miktex-fc-cache - this process (27056) started by miktex in directory C:\Users\Lenovo\patents\7_SASPH-6G_Slice-Adaptive_Split-PQC_Handshake\.miktex-local\temp\mik81599 with command line: miktex-fc-cache --miktex-disable-maintenance --miktex-disable-diagnose
2026-03-27 09:44:42,550+0800 INFO  miktex-fc-cache - running on Windows 10.0.26200
2026-03-27 09:44:42,558+0800 WARN  miktex-fc-cache - security risk: running with elevated privileges
2026-03-27 09:44:42,578+0800 INFO  miktex-fc-cache - this process (27056) finishes with exit code 0
2026-03-27 09:44:45,078+0800 INFO  miktex-fc-cache - this process (30612) started by miktex in directory C:\Users\Lenovo\patents\7_SASPH-6G_Slice-Adaptive_Split-PQC_Handshake\.miktex-local\temp\mik81599 with command line: miktex-fc-cache --miktex-disable-maintenance --miktex-disable-diagnose
2026-03-27 09:44:45,079+0800 INFO  miktex-fc-cache - running on Windows 10.0.26200
2026-03-27 09:44:45,086+0800 WARN  miktex-fc-cache - security risk: running with elevated privileges
2026-03-27 09:44:45,121+0800 INFO  miktex-fc-cache - this process (30612) finishes with exit code 0
2026-03-27 09:44:47,658+0800 INFO  miktex-fc-cache - this process (2772) started by miktex in directory C:\Users\Lenovo\patents\7_SASPH-6G_Slice-Adaptive_Split-PQC_Handshake\.miktex-local\temp\mik81599 with command line: miktex-fc-cache --miktex-disable-maintenance --miktex-disable-diagnose
2026-03-27 09:44:47,658+0800 INFO  miktex-fc-cache - running on Windows 10.0.26200
2026-03-27 09:44:47,666+0800 WARN  miktex-fc-cache - security risk: running with elevated privileges
2026-03-27 09:44:47,706+0800 INFO  miktex-fc-cache - this process (2772) finishes with exit code 0
2026-03-27 09:44:50,940+0800 INFO  miktex-fc-cache - this process (36344) started by miktex in directory C:\Users\Lenovo\patents\7_SASPH-6G_Slice-Adaptive_Split-PQC_Handshake\.miktex-local\temp\mik81599 with command line: miktex-fc-cache --miktex-disable-maintenance --miktex-disable-diagnose
2026-03-27 09:44:50,940+0800 INFO  miktex-fc-cache - running on Windows 10.0.26200
2026-03-27 09:44:50,948+0800 WARN  miktex-fc-cache - security risk: running with elevated privileges
2026-03-27 09:44:50,968+0800 INFO  miktex-fc-cache - this process (36344) finishes with exit code 0
2026-03-27 09:44:58,186+0800 INFO  miktex-fc-cache - this process (38116) started by miktex in directory C:\Users\Lenovo\patents\7_SASPH-6G_Slice-Adaptive_Split-PQC_Handshake\.miktex-local\temp\mik81599 with command line: miktex-fc-cache --miktex-disable-maintenance --miktex-disable-diagnose
2026-03-27 09:44:58,186+0800 INFO  miktex-fc-cache - running on Windows 10.0.26200
2026-03-27 09:44:58,196+0800 WARN  miktex-fc-cache - security risk: running with elevated privileges
2026-03-27 09:44:58,227+0800 INFO  miktex-fc-cache - this process (38116) finishes with exit code 0
2026-03-27 09:45:01,239+0800 INFO  miktex-fc-cache - this process (38900) started by miktex in directory C:\Users\Lenovo\patents\7_SASPH-6G_Slice-Adaptive_Split-PQC_Handshake\.miktex-local\temp\mik81599 with command line: miktex-fc-cache --miktex-disable-maintenance --miktex-disable-diagnose
2026-03-27 09:45:01,239+0800 INFO  miktex-fc-cache - running on Windows 10.0.26200
2026-03-27 09:45:01,247+0800 WARN  miktex-fc-cache - security risk: running with elevated privileges
2026-03-27 09:45:01,269+0800 INFO  miktex-fc-cache - this process (38900) finishes with exit code 0
2026-03-27 14:13:26,166+0800 INFO  miktex-fc-cache - this process (37420) started by miktex in directory C:\Users\Lenovo\patents\7_SASPH-6G_Slice-Adaptive_Split-PQC_Handshake with command line: miktex-fc-cache --miktex-disable-maintenance --miktex-disable-diagnose
2026-03-27 14:13:26,184+0800 INFO  miktex-fc-cache - running on Windows 10.0.26200
2026-03-27 14:13:26,200+0800 WARN  miktex-fc-cache - security risk: running with elevated privileges
2026-03-27 14:13:26,244+0800 INFO  miktex-fc-cache - this process (37420) finishes with exit code 0
2026-03-27 14:13:32,242+0800 INFO  miktex-fc-cache - this process (17420) started by miktex in directory C:\Users\Lenovo\patents\7_SASPH-6G_Slice-Adaptive_Split-PQC_Handshake with command line: miktex-fc-cache --miktex-disable-maintenance --miktex-disable-diagnose
2026-03-27 14:13:32,242+0800 INFO  miktex-fc-cache - running on Windows 10.0.26200
2026-03-27 14:13:32,257+0800 WARN  miktex-fc-cache - security risk: running with elevated privileges
2026-03-27 14:13:32,291+0800 INFO  miktex-fc-cache - this process (17420) finishes with exit code 0
2026-03-27 14:13:36,914+0800 INFO  miktex-fc-cache - this process (40660) started by miktex in directory C:\Users\Lenovo\patents\7_SASPH-6G_Slice-Adaptive_Split-PQC_Handshake with command line: miktex-fc-cache --miktex-disable-maintenance --miktex-disable-diagnose
2026-03-27 14:13:36,915+0800 INFO  miktex-fc-cache - running on Windows 10.0.26200
2026-03-27 14:13:36,929+0800 WARN  miktex-fc-cache - security risk: running with elevated privileges
2026-03-27 14:13:36,965+0800 INFO  miktex-fc-cache - this process (40660) finishes with exit code 0
2026-03-27 14:13:42,218+0800 INFO  miktex-fc-cache - this process (25880) started by miktex in directory C:\Users\Lenovo\patents\7_SASPH-6G_Slice-Adaptive_Split-PQC_Handshake with command line: miktex-fc-cache --miktex-disable-maintenance --miktex-disable-diagnose
2026-03-27 14:13:42,218+0800 INFO  miktex-fc-cache - running on Windows 10.0.26200
2026-03-27 14:13:42,232+0800 WARN  miktex-fc-cache - security risk: running with elevated privileges
2026-03-27 14:13:42,264+0800 INFO  miktex-fc-cache - this process (25880) finishes with exit code 0
2026-03-27 14:13:46,983+0800 INFO  miktex-fc-cache - this process (38264) started by miktex in directory C:\Users\Lenovo\patents\7_SASPH-6G_Slice-Adaptive_Split-PQC_Handshake with command line: miktex-fc-cache --miktex-disable-maintenance --miktex-disable-diagnose
2026-03-27 14:13:46,983+0800 INFO  miktex-fc-cache - running on Windows 10.0.26200
2026-03-27 14:13:46,992+0800 WARN  miktex-fc-cache - security risk: running with elevated privileges
2026-03-27 14:13:47,021+0800 INFO  miktex-fc-cache - this process (38264) finishes with exit code 0
2026-03-27 14:13:51,891+0800 INFO  miktex-fc-cache - this process (39596) started by miktex in directory C:\Users\Lenovo\patents\7_SASPH-6G_Slice-Adaptive_Split-PQC_Handshake with command line: miktex-fc-cache --miktex-disable-maintenance --miktex-disable-diagnose
2026-03-27 14:13:51,892+0800 INFO  miktex-fc-cache - running on Windows 10.0.26200
2026-03-27 14:13:51,907+0800 WARN  miktex-fc-cache - security risk: running with elevated privileges
2026-03-27 14:13:51,942+0800 INFO  miktex-fc-cache - this process (39596) finishes with exit code 0
2026-03-27 14:13:55,402+0800 INFO  miktex-fc-cache - this process (10120) started by miktex in directory C:\Users\Lenovo\patents\7_SASPH-6G_Slice-Adaptive_Split-PQC_Handshake with command line: miktex-fc-cache --miktex-disable-maintenance --miktex-disable-diagnose
2026-03-27 14:13:55,402+0800 INFO  miktex-fc-cache - running on Windows 10.0.26200
2026-03-27 14:13:55,411+0800 WARN  miktex-fc-cache - security risk: running with elevated privileges
2026-03-27 14:13:55,439+0800 INFO  miktex-fc-cache - this process (10120) finishes with exit code 0
2026-03-27 14:13:59,030+0800 INFO  miktex-fc-cache - this process (38564) started by miktex in directory C:\Users\Lenovo\patents\7_SASPH-6G_Slice-Adaptive_Split-PQC_Handshake with command line: miktex-fc-cache --miktex-disable-maintenance --miktex-disable-diagnose
2026-03-27 14:13:59,031+0800 INFO  miktex-fc-cache - running on Windows 10.0.26200
2026-03-27 14:13:59,038+0800 WARN  miktex-fc-cache - security risk: running with elevated privileges
2026-03-27 14:13:59,059+0800 INFO  miktex-fc-cache - this process (38564) finishes with exit code 0
2026-03-27 14:14:01,542+0800 INFO  miktex-fc-cache - this process (37852) started by miktex in directory C:\Users\Lenovo\patents\7_SASPH-6G_Slice-Adaptive_Split-PQC_Handshake with command line: miktex-fc-cache --miktex-disable-maintenance --miktex-disable-diagnose
2026-03-27 14:14:01,542+0800 INFO  miktex-fc-cache - running on Windows 10.0.26200
2026-03-27 14:14:01,549+0800 WARN  miktex-fc-cache - security risk: running with elevated privileges
2026-03-27 14:14:01,587+0800 INFO  miktex-fc-cache - this process (37852) finishes with exit code 0
2026-03-27 14:14:04,693+0800 INFO  miktex-fc-cache - this process (40660) started by miktex in directory C:\Users\Lenovo\patents\7_SASPH-6G_Slice-Adaptive_Split-PQC_Handshake with command line: miktex-fc-cache --miktex-disable-maintenance --miktex-disable-diagnose
2026-03-27 14:14:04,694+0800 INFO  miktex-fc-cache - running on Windows 10.0.26200
2026-03-27 14:14:04,700+0800 WARN  miktex-fc-cache - security risk: running with elevated privileges
2026-03-27 14:14:04,738+0800 INFO  miktex-fc-cache - this process (40660) finishes with exit code 0
2026-03-27 14:14:07,298+0800 INFO  miktex-fc-cache - this process (22888) started by miktex in directory C:\Users\Lenovo\patents\7_SASPH-6G_Slice-Adaptive_Split-PQC_Handshake with command line: miktex-fc-cache --miktex-disable-maintenance --miktex-disable-diagnose
2026-03-27 14:14:07,299+0800 INFO  miktex-fc-cache - running on Windows 10.0.26200
2026-03-27 14:14:07,305+0800 WARN  miktex-fc-cache - security risk: running with elevated privileges
2026-03-27 14:14:07,324+0800 INFO  miktex-fc-cache - this process (22888) finishes with exit code 0
2026-03-27 14:14:10,230+0800 INFO  miktex-fc-cache - this process (40816) started by miktex in directory C:\Users\Lenovo\patents\7_SASPH-6G_Slice-Adaptive_Split-PQC_Handshake with command line: miktex-fc-cache --miktex-disable-maintenance --miktex-disable-diagnose
2026-03-27 14:14:10,230+0800 INFO  miktex-fc-cache - running on Windows 10.0.26200
2026-03-27 14:14:10,237+0800 WARN  miktex-fc-cache - security risk: running with elevated privileges
2026-03-27 14:14:10,255+0800 INFO  miktex-fc-cache - this process (40816) finishes with exit code 0
2026-03-27 14:14:12,769+0800 INFO  miktex-fc-cache - this process (24944) started by miktex in directory C:\Users\Lenovo\patents\7_SASPH-6G_Slice-Adaptive_Split-PQC_Handshake with command line: miktex-fc-cache --miktex-disable-maintenance --miktex-disable-diagnose
2026-03-27 14:14:12,769+0800 INFO  miktex-fc-cache - running on Windows 10.0.26200
2026-03-27 14:14:12,777+0800 WARN  miktex-fc-cache - security risk: running with elevated privileges
2026-03-27 14:14:12,815+0800 INFO  miktex-fc-cache - this process (24944) finishes with exit code 0
2026-03-27 14:14:15,607+0800 INFO  miktex-fc-cache - this process (23800) started by miktex in directory C:\Users\Lenovo\patents\7_SASPH-6G_Slice-Adaptive_Split-PQC_Handshake with command line: miktex-fc-cache --miktex-disable-maintenance --miktex-disable-diagnose
2026-03-27 14:14:15,607+0800 INFO  miktex-fc-cache - running on Windows 10.0.26200
2026-03-27 14:14:15,614+0800 WARN  miktex-fc-cache - security risk: running with elevated privileges
2026-03-27 14:14:15,633+0800 INFO  miktex-fc-cache - this process (23800) finishes with exit code 0
2026-03-27 14:14:21,371+0800 INFO  miktex-fc-cache - this process (26564) started by miktex in directory C:\Users\Lenovo\patents\7_SASPH-6G_Slice-Adaptive_Split-PQC_Handshake with command line: miktex-fc-cache --miktex-disable-maintenance --miktex-disable-diagnose
2026-03-27 14:14:21,371+0800 INFO  miktex-fc-cache - running on Windows 10.0.26200
2026-03-27 14:14:21,386+0800 WARN  miktex-fc-cache - security risk: running with elevated privileges
2026-03-27 14:14:21,417+0800 INFO  miktex-fc-cache - this process (26564) finishes with exit code 0
2026-03-27 14:14:24,284+0800 INFO  miktex-fc-cache - this process (40276) started by miktex in directory C:\Users\Lenovo\patents\7_SASPH-6G_Slice-Adaptive_Split-PQC_Handshake with command line: miktex-fc-cache --miktex-disable-maintenance --miktex-disable-diagnose
2026-03-27 14:14:24,284+0800 INFO  miktex-fc-cache - running on Windows 10.0.26200
2026-03-27 14:14:24,295+0800 WARN  miktex-fc-cache - security risk: running with elevated privileges
2026-03-27 14:14:24,322+0800 INFO  miktex-fc-cache - this process (40276) finishes with exit code 0
2026-03-27 14:14:27,464+0800 INFO  miktex-fc-cache - this process (38888) started by miktex in directory C:\Users\Lenovo\patents\7_SASPH-6G_Slice-Adaptive_Split-PQC_Handshake with command line: miktex-fc-cache --miktex-disable-maintenance --miktex-disable-diagnose
2026-03-27 14:14:27,464+0800 INFO  miktex-fc-cache - running on Windows 10.0.26200
2026-03-27 14:14:27,476+0800 WARN  miktex-fc-cache - security risk: running with elevated privileges
2026-03-27 14:14:27,507+0800 INFO  miktex-fc-cache - this process (38888) finishes with exit code 0
2026-03-27 14:14:31,349+0800 INFO  miktex-fc-cache - this process (36012) started by miktex in directory C:\Users\Lenovo\patents\7_SASPH-6G_Slice-Adaptive_Split-PQC_Handshake with command line: miktex-fc-cache --miktex-disable-maintenance --miktex-disable-diagnose
2026-03-27 14:14:31,349+0800 INFO  miktex-fc-cache - running on Windows 10.0.26200
2026-03-27 14:14:31,356+0800 WARN  miktex-fc-cache - security risk: running with elevated privileges
2026-03-27 14:14:31,374+0800 INFO  miktex-fc-cache - this process (36012) finishes with exit code 0
2026-03-27 14:14:33,795+0800 INFO  miktex-fc-cache - this process (38984) started by miktex in directory C:\Users\Lenovo\patents\7_SASPH-6G_Slice-Adaptive_Split-PQC_Handshake with command line: miktex-fc-cache --miktex-disable-maintenance --miktex-disable-diagnose
2026-03-27 14:14:33,795+0800 INFO  miktex-fc-cache - running on Windows 10.0.26200
2026-03-27 14:14:33,804+0800 WARN  miktex-fc-cache - security risk: running with elevated privileges
2026-03-27 14:14:33,828+0800 INFO  miktex-fc-cache - this process (38984) finishes with exit code 0
2026-03-27 14:14:36,274+0800 INFO  miktex-fc-cache - this process (23752) started by miktex in directory C:\Users\Lenovo\patents\7_SASPH-6G_Slice-Adaptive_Split-PQC_Handshake with command line: miktex-fc-cache --miktex-disable-maintenance --miktex-disable-diagnose
2026-03-27 14:14:36,275+0800 INFO  miktex-fc-cache - running on Windows 10.0.26200
2026-03-27 14:14:36,281+0800 WARN  miktex-fc-cache - security risk: running with elevated privileges
2026-03-27 14:14:36,303+0800 INFO  miktex-fc-cache - this process (23752) finishes with exit code 0
2026-03-27 14:14:39,868+0800 INFO  miktex-fc-cache - this process (23488) started by miktex in directory C:\Users\Lenovo\patents\7_SASPH-6G_Slice-Adaptive_Split-PQC_Handshake with command line: miktex-fc-cache --miktex-disable-maintenance --miktex-disable-diagnose
2026-03-27 14:14:39,868+0800 INFO  miktex-fc-cache - running on Windows 10.0.26200
2026-03-27 14:14:39,875+0800 WARN  miktex-fc-cache - security risk: running with elevated privileges
2026-03-27 14:14:39,891+0800 INFO  miktex-fc-cache - this process (23488) finishes with exit code 0
2026-03-27 14:14:44,068+0800 INFO  miktex-fc-cache - this process (31128) started by miktex in directory C:\Users\Lenovo\patents\7_SASPH-6G_Slice-Adaptive_Split-PQC_Handshake with command line: miktex-fc-cache --miktex-disable-maintenance --miktex-disable-diagnose
2026-03-27 14:14:44,069+0800 INFO  miktex-fc-cache - running on Windows 10.0.26200
2026-03-27 14:14:44,079+0800 WARN  miktex-fc-cache - security risk: running with elevated privileges
2026-03-27 14:14:44,104+0800 INFO  miktex-fc-cache - this process (31128) finishes with exit code 0
2026-03-27 14:14:46,950+0800 INFO  miktex-fc-cache - this process (22080) started by miktex in directory C:\Users\Lenovo\patents\7_SASPH-6G_Slice-Adaptive_Split-PQC_Handshake with command line: miktex-fc-cache --miktex-disable-maintenance --miktex-disable-diagnose
2026-03-27 14:14:46,950+0800 INFO  miktex-fc-cache - running on Windows 10.0.26200
2026-03-27 14:14:46,962+0800 WARN  miktex-fc-cache - security risk: running with elevated privileges
2026-03-27 14:14:46,993+0800 INFO  miktex-fc-cache - this process (22080) finishes with exit code 0
2026-03-27 14:14:49,924+0800 INFO  miktex-fc-cache - this process (16264) started by miktex in directory C:\Users\Lenovo\patents\7_SASPH-6G_Slice-Adaptive_Split-PQC_Handshake with command line: miktex-fc-cache --miktex-disable-maintenance --miktex-disable-diagnose
2026-03-27 14:14:49,924+0800 INFO  miktex-fc-cache - running on Windows 10.0.26200
2026-03-27 14:14:49,930+0800 WARN  miktex-fc-cache - security risk: running with elevated privileges
2026-03-27 14:14:49,947+0800 INFO  miktex-fc-cache - this process (16264) finishes with exit code 0
2026-03-27 14:14:53,447+0800 INFO  miktex-fc-cache - this process (18844) started by miktex in directory C:\Users\Lenovo\patents\7_SASPH-6G_Slice-Adaptive_Split-PQC_Handshake with command line: miktex-fc-cache --miktex-disable-maintenance --miktex-disable-diagnose
2026-03-27 14:14:53,448+0800 INFO  miktex-fc-cache - running on Windows 10.0.26200
2026-03-27 14:14:53,454+0800 WARN  miktex-fc-cache - security risk: running with elevated privileges
2026-03-27 14:14:53,470+0800 INFO  miktex-fc-cache - this process (18844) finishes with exit code 0
2026-03-27 14:14:57,207+0800 INFO  miktex-fc-cache - this process (3960) started by miktex in directory C:\Users\Lenovo\patents\7_SASPH-6G_Slice-Adaptive_Split-PQC_Handshake with command line: miktex-fc-cache --miktex-disable-maintenance --miktex-disable-diagnose
2026-03-27 14:14:57,208+0800 INFO  miktex-fc-cache - running on Windows 10.0.26200
2026-03-27 14:14:57,213+0800 WARN  miktex-fc-cache - security risk: running with elevated privileges
2026-03-27 14:14:57,236+0800 INFO  miktex-fc-cache - this process (3960) finishes with exit code 0
2026-03-27 14:15:00,759+0800 INFO  miktex-fc-cache - this process (38356) started by miktex in directory C:\Users\Lenovo\patents\7_SASPH-6G_Slice-Adaptive_Split-PQC_Handshake with command line: miktex-fc-cache --miktex-disable-maintenance --miktex-disable-diagnose
2026-03-27 14:15:00,760+0800 INFO  miktex-fc-cache - running on Windows 10.0.26200
2026-03-27 14:15:00,766+0800 WARN  miktex-fc-cache - security risk: running with elevated privileges
2026-03-27 14:15:00,806+0800 INFO  miktex-fc-cache - this process (38356) finishes with exit code 0
2026-03-27 14:15:04,339+0800 INFO  miktex-fc-cache - this process (36576) started by miktex in directory C:\Users\Lenovo\patents\7_SASPH-6G_Slice-Adaptive_Split-PQC_Handshake with command line: miktex-fc-cache --miktex-disable-maintenance --miktex-disable-diagnose
2026-03-27 14:15:04,339+0800 INFO  miktex-fc-cache - running on Windows 10.0.26200
2026-03-27 14:15:04,345+0800 WARN  miktex-fc-cache - security risk: running with elevated privileges
2026-03-27 14:15:04,360+0800 INFO  miktex-fc-cache - this process (36576) finishes with exit code 0
2026-03-27 14:15:06,709+0800 INFO  miktex-fc-cache - this process (8780) started by miktex in directory C:\Users\Lenovo\patents\7_SASPH-6G_Slice-Adaptive_Split-PQC_Handshake with command line: miktex-fc-cache --miktex-disable-maintenance --miktex-disable-diagnose
2026-03-27 14:15:06,709+0800 INFO  miktex-fc-cache - running on Windows 10.0.26200
2026-03-27 14:15:06,716+0800 WARN  miktex-fc-cache - security risk: running with elevated privileges
2026-03-27 14:15:06,743+0800 INFO  miktex-fc-cache - this process (8780) finishes with exit code 0
2026-03-27 14:15:09,306+0800 INFO  miktex-fc-cache - this process (38716) started by miktex in directory C:\Users\Lenovo\patents\7_SASPH-6G_Slice-Adaptive_Split-PQC_Handshake with command line: miktex-fc-cache --miktex-disable-maintenance --miktex-disable-diagnose
2026-03-27 14:15:09,306+0800 INFO  miktex-fc-cache - running on Windows 10.0.26200
2026-03-27 14:15:09,314+0800 WARN  miktex-fc-cache - security risk: running with elevated privileges
2026-03-27 14:15:09,343+0800 INFO  miktex-fc-cache - this process (38716) finishes with exit code 0
2026-03-27 14:15:13,516+0800 INFO  miktex-fc-cache - this process (31992) started by miktex in directory C:\Users\Lenovo\patents\7_SASPH-6G_Slice-Adaptive_Split-PQC_Handshake with command line: miktex-fc-cache --miktex-disable-maintenance --miktex-disable-diagnose
2026-03-27 14:15:13,516+0800 INFO  miktex-fc-cache - running on Windows 10.0.26200
2026-03-27 14:15:13,522+0800 WARN  miktex-fc-cache - security risk: running with elevated privileges
2026-03-27 14:15:13,541+0800 INFO  miktex-fc-cache - this process (31992) finishes with exit code 0
2026-03-27 14:15:17,442+0800 INFO  miktex-fc-cache - this process (38324) started by miktex in directory C:\Users\Lenovo\patents\7_SASPH-6G_Slice-Adaptive_Split-PQC_Handshake with command line: miktex-fc-cache --miktex-disable-maintenance --miktex-disable-diagnose
2026-03-27 14:15:17,442+0800 INFO  miktex-fc-cache - running on Windows 10.0.26200
2026-03-27 14:15:17,448+0800 WARN  miktex-fc-cache - security risk: running with elevated privileges
2026-03-27 14:15:17,468+0800 INFO  miktex-fc-cache - this process (38324) finishes with exit code 0
2026-03-27 14:15:19,921+0800 INFO  miktex-fc-cache - this process (39972) started by miktex in directory C:\Users\Lenovo\patents\7_SASPH-6G_Slice-Adaptive_Split-PQC_Handshake with command line: miktex-fc-cache --miktex-disable-maintenance --miktex-disable-diagnose
2026-03-27 14:15:19,921+0800 INFO  miktex-fc-cache - running on Windows 10.0.26200
2026-03-27 14:15:19,929+0800 WARN  miktex-fc-cache - security risk: running with elevated privileges
2026-03-27 14:15:19,969+0800 INFO  miktex-fc-cache - this process (39972) finishes with exit code 0
2026-03-27 14:15:23,003+0800 INFO  miktex-fc-cache - this process (39428) started by miktex in directory C:\Users\Lenovo\patents\7_SASPH-6G_Slice-Adaptive_Split-PQC_Handshake with command line: miktex-fc-cache --miktex-disable-maintenance --miktex-disable-diagnose
2026-03-27 14:15:23,003+0800 INFO  miktex-fc-cache - running on Windows 10.0.26200
2026-03-27 14:15:23,010+0800 WARN  miktex-fc-cache - security risk: running with elevated privileges
2026-03-27 14:15:23,036+0800 INFO  miktex-fc-cache - this process (39428) finishes with exit code 0
2026-03-27 14:15:26,885+0800 INFO  miktex-fc-cache - this process (39184) started by miktex in directory C:\Users\Lenovo\patents\7_SASPH-6G_Slice-Adaptive_Split-PQC_Handshake with command line: miktex-fc-cache --miktex-disable-maintenance --miktex-disable-diagnose
2026-03-27 14:15:26,885+0800 INFO  miktex-fc-cache - running on Windows 10.0.26200
2026-03-27 14:15:26,891+0800 WARN  miktex-fc-cache - security risk: running with elevated privileges
2026-03-27 14:15:26,931+0800 INFO  miktex-fc-cache - this process (39184) finishes with exit code 0
2026-03-27 14:15:30,467+0800 INFO  miktex-fc-cache - this process (36764) started by miktex in directory C:\Users\Lenovo\patents\7_SASPH-6G_Slice-Adaptive_Split-PQC_Handshake with command line: miktex-fc-cache --miktex-disable-maintenance --miktex-disable-diagnose
2026-03-27 14:15:30,467+0800 INFO  miktex-fc-cache - running on Windows 10.0.26200
2026-03-27 14:15:30,472+0800 WARN  miktex-fc-cache - security risk: running with elevated privileges
2026-03-27 14:15:30,506+0800 INFO  miktex-fc-cache - this process (36764) finishes with exit code 0
2026-03-27 14:15:32,907+0800 INFO  miktex-fc-cache - this process (29384) started by miktex in directory C:\Users\Lenovo\patents\7_SASPH-6G_Slice-Adaptive_Split-PQC_Handshake with command line: miktex-fc-cache --miktex-disable-maintenance --miktex-disable-diagnose
2026-03-27 14:15:32,908+0800 INFO  miktex-fc-cache - running on Windows 10.0.26200
2026-03-27 14:15:32,914+0800 WARN  miktex-fc-cache - security risk: running with elevated privileges
2026-03-27 14:15:32,936+0800 INFO  miktex-fc-cache - this process (29384) finishes with exit code 0
2026-03-27 14:15:36,482+0800 INFO  miktex-fc-cache - this process (35164) started by miktex in directory C:\Users\Lenovo\patents\7_SASPH-6G_Slice-Adaptive_Split-PQC_Handshake with command line: miktex-fc-cache --miktex-disable-maintenance --miktex-disable-diagnose
2026-03-27 14:15:36,483+0800 INFO  miktex-fc-cache - running on Windows 10.0.26200
2026-03-27 14:15:36,489+0800 WARN  miktex-fc-cache - security risk: running with elevated privileges
2026-03-27 14:15:36,510+0800 INFO  miktex-fc-cache - this process (35164) finishes with exit code 0
2026-03-27 14:15:38,958+0800 INFO  miktex-fc-cache - this process (17628) started by miktex in directory C:\Users\Lenovo\patents\7_SASPH-6G_Slice-Adaptive_Split-PQC_Handshake with command line: miktex-fc-cache --miktex-disable-maintenance --miktex-disable-diagnose
2026-03-27 14:15:38,958+0800 INFO  miktex-fc-cache - running on Windows 10.0.26200
2026-03-27 14:15:38,964+0800 WARN  miktex-fc-cache - security risk: running with elevated privileges
2026-03-27 14:15:38,981+0800 INFO  miktex-fc-cache - this process (17628) finishes with exit code 0
2026-03-27 14:15:41,668+0800 INFO  miktex-fc-cache - this process (37976) started by miktex in directory C:\Users\Lenovo\patents\7_SASPH-6G_Slice-Adaptive_Split-PQC_Handshake with command line: miktex-fc-cache --miktex-disable-maintenance --miktex-disable-diagnose
2026-03-27 14:15:41,668+0800 INFO  miktex-fc-cache - running on Windows 10.0.26200
2026-03-27 14:15:41,676+0800 WARN  miktex-fc-cache - security risk: running with elevated privileges
2026-03-27 14:15:41,702+0800 INFO  miktex-fc-cache - this process (37976) finishes with exit code 0
2026-03-27 14:15:44,349+0800 INFO  miktex-fc-cache - this process (38704) started by miktex in directory C:\Users\Lenovo\patents\7_SASPH-6G_Slice-Adaptive_Split-PQC_Handshake with command line: miktex-fc-cache --miktex-disable-maintenance --miktex-disable-diagnose
2026-03-27 14:15:44,349+0800 INFO  miktex-fc-cache - running on Windows 10.0.26200
2026-03-27 14:15:44,356+0800 WARN  miktex-fc-cache - security risk: running with elevated privileges
2026-03-27 14:15:44,382+0800 INFO  miktex-fc-cache - this process (38704) finishes with exit code 0
2026-03-27 14:15:49,051+0800 INFO  miktex-fc-cache - this process (39872) started by miktex in directory C:\Users\Lenovo\patents\7_SASPH-6G_Slice-Adaptive_Split-PQC_Handshake with command line: miktex-fc-cache --miktex-disable-maintenance --miktex-disable-diagnose
2026-03-27 14:15:49,051+0800 INFO  miktex-fc-cache - running on Windows 10.0.26200
2026-03-27 14:15:49,058+0800 WARN  miktex-fc-cache - security risk: running with elevated privileges
2026-03-27 14:15:49,076+0800 INFO  miktex-fc-cache - this process (39872) finishes with exit code 0
2026-03-27 14:15:51,644+0800 INFO  miktex-fc-cache - this process (38760) started by miktex in directory C:\Users\Lenovo\patents\7_SASPH-6G_Slice-Adaptive_Split-PQC_Handshake with command line: miktex-fc-cache --miktex-disable-maintenance --miktex-disable-diagnose
2026-03-27 14:15:51,657+0800 INFO  miktex-fc-cache - running on Windows 10.0.26200
2026-03-27 14:15:51,664+0800 WARN  miktex-fc-cache - security risk: running with elevated privileges
2026-03-27 14:15:51,688+0800 INFO  miktex-fc-cache - this process (38760) finishes with exit code 0
2026-03-27 14:15:54,357+0800 INFO  miktex-fc-cache - this process (39376) started by miktex in directory C:\Users\Lenovo\patents\7_SASPH-6G_Slice-Adaptive_Split-PQC_Handshake with command line: miktex-fc-cache --miktex-disable-maintenance --miktex-disable-diagnose
2026-03-27 14:15:54,357+0800 INFO  miktex-fc-cache - running on Windows 10.0.26200
2026-03-27 14:15:54,364+0800 WARN  miktex-fc-cache - security risk: running with elevated privileges
2026-03-27 14:15:54,388+0800 INFO  miktex-fc-cache - this process (39376) finishes with exit code 0
