\BOOKMARK [1][-]{section.1}{\376\377\123\321\146\016\124\015\171\360}{}% 1
\BOOKMARK [1][-]{section.2}{\376\377\142\200\147\057\230\206\127\337}{}% 2
\BOOKMARK [1][-]{section.3}{\376\377\163\260\147\011\142\200\147\057\166\204\142\200\147\057\145\271\150\110}{}% 3
\BOOKMARK [2][-]{subsection.3.1}{\376\377\163\260\147\011\142\200\147\057\150\300\175\042\116\016\137\122\176\263}{section.3}% 4
\BOOKMARK [2][-]{subsection.3.2}{\376\377\163\260\147\011\142\200\147\057\166\204\116\073\211\201\133\236\145\275\145\271\137\017}{section.3}% 5
\BOOKMARK [1][-]{section.4}{\376\377\163\260\147\011\142\200\147\057\166\204\177\072\160\271\123\312\147\054\165\063\213\367\143\320\150\110\211\201\211\343\121\263\166\204\142\200\147\057\225\356\230\230}{}% 6
\BOOKMARK [1][-]{section.5}{\376\377\147\054\165\063\213\367\143\320\150\110\166\204\142\200\147\057\145\271\150\110\166\204\213\346\176\306\226\020\217\360}{}% 7
\BOOKMARK [2][-]{subsection.5.1}{\376\377\140\073\117\123\145\271\150\110}{section.5}% 8
\BOOKMARK [2][-]{subsection.5.2}{\376\377\121\163\225\056\145\160\143\156\152\041\127\213}{section.5}% 9
\BOOKMARK [2][-]{subsection.5.3}{\376\377\200\124\124\010\143\247\122\066\155\101\172\013}{section.5}% 10
\BOOKMARK [2][-]{subsection.5.4}{\376\377\122\250\140\001\154\342\225\177\000/\145\366\226\231\000/\176\240\225\031\200\124\124\010\143\247\122\066\220\073\217\221\377\010\122\006\134\102\117\030\121\110\176\247\116\016\126\336\156\332\377\011}{section.5}% 11
\BOOKMARK [2][-]{subsection.5.5}{\376\377\147\054\123\321\146\016\166\204\150\070\137\303\122\033\145\260\160\271}{section.5}% 12
\BOOKMARK [2][-]{subsection.5.6}{\376\377\174\373\176\337\176\304\142\020}{section.5}% 13
\BOOKMARK [2][-]{subsection.5.7}{\376\377\117\030\220\011\133\236\145\275\117\213}{section.5}% 14
\BOOKMARK [2][-]{subsection.5.8}{\376\377\137\002\136\070\135\345\121\265\116\016\133\271\225\031\131\004\164\006}{section.5}% 15
\BOOKMARK [2][-]{subsection.5.9}{\376\377\147\054\123\321\146\016\136\046\147\145\166\204\147\011\166\312\145\110\147\234}{section.5}% 16
\BOOKMARK [1][-]{section.6}{\376\377\147\054\165\063\213\367\136\372\213\256\221\315\160\271\117\335\142\244\166\204\121\205\133\271}{}% 17
\BOOKMARK [2][-]{subsection.6.1}{\376\377\121\163\225\056\176\246\147\137\147\141\116\366\116\016\122\007\143\142\122\044\143\156}{section.6}% 18
\BOOKMARK [1][-]{section.7}{\376\377\226\104\126\376\136\372\213\256}{}% 19
\BOOKMARK [1][-]{section.8}{\376\377\123\357\146\377\116\343\133\236\145\275\145\271\137\017}{}% 20
\BOOKMARK [1][-]{section.9}{\376\377\176\323\213\272}{}% 21
