\BOOKMARK [1][-]{section.1}{\376\377\123\321\146\016\124\015\171\360}{}% 1
\BOOKMARK [1][-]{section.2}{\376\377\142\200\147\057\230\206\127\337}{}% 2
\BOOKMARK [1][-]{section.3}{\376\377\163\260\147\011\142\200\147\057\166\204\142\200\147\057\145\271\150\110}{}% 3
\BOOKMARK [2][-]{subsection.3.1}{\376\377\124\016\221\317\133\120\143\341\142\113\116\016\122\007\162\107\133\211\121\150\166\204\121\154\137\000\142\200\147\057\163\260\162\266}{section.3}% 4
\BOOKMARK [2][-]{subsection.3.2}{\376\377\163\260\147\011\142\200\147\057\166\204\121\154\137\000\215\104\145\231\150\300\175\042\116\016\122\006\147\220}{section.3}% 5
\BOOKMARK [1][-]{section.4}{\376\377\163\260\147\011\142\200\147\057\166\204\177\072\160\271\123\312\147\054\165\063\213\367\143\320\150\110\211\201\211\343\121\263\166\204\142\200\147\057\225\356\230\230}{}% 6
\BOOKMARK [1][-]{section.5}{\376\377\147\054\165\063\213\367\143\320\150\110\166\204\142\200\147\057\145\271\150\110\166\204\213\346\176\306\226\020\217\360}{}% 7
\BOOKMARK [2][-]{subsection.5.1}{\376\377\150\070\137\303\213\276\213\241\140\035\140\363}{section.5}% 8
\BOOKMARK [2][-]{subsection.5.2}{\376\377\147\057\213\355\116\016\133\371\214\141\133\232\116\111}{section.5}% 9
\BOOKMARK [2][-]{subsection.5.3}{\376\377\140\073\117\123\174\373\176\337\147\266\147\204}{section.5}% 10
\BOOKMARK [2][-]{subsection.5.4}{\376\377\143\341\142\113\213\241\122\022\220\011\142\351\152\041\127\213}{section.5}% 11
\BOOKMARK [2][-]{subsection.5.5}{\376\377\123\117\213\256\155\210\140\157\116\016\162\266\140\001\147\072}{section.5}% 12
\BOOKMARK [2][-]{subsection.5.6}{\376\377\145\351\147\037\116\032\122\241\142\177\217\175\147\072\122\066}{section.5}% 13
\BOOKMARK [2][-]{subsection.5.7}{\376\377\142\227\226\115\176\247\060\001\142\227\221\315\145\076\116\016\215\350\122\007\162\107\226\224\171\273}{section.5}% 14
\BOOKMARK [2][-]{subsection.5.8}{\376\377\122\007\162\107\176\321\133\232\166\204\140\142\131\015\171\150\143\156}{section.5}% 15
\BOOKMARK [2][-]{subsection.5.9}{\376\377\121\167\117\123\133\236\145\275\117\213}{section.5}% 16
\BOOKMARK [1][-]{section.6}{\376\377\147\054\165\063\213\367\143\320\150\110\166\204\121\163\225\056\160\271\124\214\153\062\117\335\142\244\160\271}{}% 17
\BOOKMARK [1][-]{section.7}{\376\377\116\016\173\054\116\011\147\141\116\055\147\000\143\245\217\321\166\204\163\260\147\011\142\200\147\057\166\370\153\324\377\014\147\054\165\063\213\367\143\320\150\110\147\011\117\125\142\200\147\057\117\030\160\271}{}% 18
\BOOKMARK [1][-]{section.8}{\376\377\121\166\116\326\147\011\122\251\116\216\164\006\211\343\147\054\165\063\213\367\143\320\150\110\166\204\142\200\147\057\215\104\145\231}{}% 19
\BOOKMARK [2][-]{subsection.8.1}{\376\377\147\057\213\355\116\016\177\051\121\231}{section.8}% 20
\BOOKMARK [2][-]{subsection.8.2}{\376\377\136\372\213\256\226\104\126\376}{section.8}% 21
\BOOKMARK [2][-]{subsection.8.3}{\376\377\147\103\122\051\211\201\154\102\144\260\121\231\136\372\213\256}{section.8}% 22
\BOOKMARK [1][-]{section.9}{\376\377\147\054\165\063\213\367\143\320\150\110\166\204\117\265\147\103\213\301\143\156\123\357\203\267\137\227\140\047}{}% 23
